2026-01-26 15:41:32,461 - INFO - === STARTING MODEL ===
2026-01-26 15:41:32,731 - INFO - 
========== TRAINING KNN ==========
2026-01-26 15:41:32,834 - INFO - Accuracy: 0.6671
2026-01-26 15:41:32,834 - INFO - AUC Score: 0.7565
2026-01-26 15:41:32,834 - INFO - 
Confusion Matrix:
[[634 401]
 [ 68 306]]
2026-01-26 15:41:32,834 - INFO - 
Classification Report:
              precision    recall  f1-score   support

           0       0.90      0.61      0.73      1035
           1       0.43      0.82      0.57       374

    accuracy                           0.67      1409
   macro avg       0.67      0.72      0.65      1409
weighted avg       0.78      0.67      0.69      1409

2026-01-26 15:41:32,836 - INFO - 
========== TRAINING NAIVEBAYES ==========
2026-01-26 15:41:32,853 - INFO - Accuracy: 0.7246
2026-01-26 15:41:32,854 - INFO - AUC Score: 0.8290
2026-01-26 15:41:32,854 - INFO - 
Confusion Matrix:
[[723 312]
 [ 76 298]]
2026-01-26 15:41:32,854 - INFO - 
Classification Report:
              precision    recall  f1-score   support

           0       0.90      0.70      0.79      1035
           1       0.49      0.80      0.61       374

    accuracy                           0.72      1409
   macro avg       0.70      0.75      0.70      1409
weighted avg       0.79      0.72      0.74      1409

2026-01-26 15:41:32,856 - INFO - 
========== TRAINING LOGISTICREGRESSION ==========
2026-01-26 15:41:32,898 - INFO - Accuracy: 0.7232
2026-01-26 15:41:32,898 - INFO - AUC Score: 0.8449
2026-01-26 15:41:32,898 - INFO - 
Confusion Matrix:
[[708 327]
 [ 63 311]]
2026-01-26 15:41:32,898 - INFO - 
Classification Report:
              precision    recall  f1-score   support

           0       0.92      0.68      0.78      1035
           1       0.49      0.83      0.61       374

    accuracy                           0.72      1409
   macro avg       0.70      0.76      0.70      1409
weighted avg       0.80      0.72      0.74      1409

2026-01-26 15:41:32,900 - INFO - 
========== TRAINING DECISIONTREE ==========
2026-01-26 15:41:32,948 - INFO - Accuracy: 0.7402
2026-01-26 15:41:32,948 - INFO - AUC Score: 0.7472
2026-01-26 15:41:32,949 - INFO - 
Confusion Matrix:
[[758 277]
 [ 89 285]]
2026-01-26 15:41:32,949 - INFO - 
Classification Report:
              precision    recall  f1-score   support

           0       0.89      0.73      0.81      1035
           1       0.51      0.76      0.61       374

    accuracy                           0.74      1409
   macro avg       0.70      0.75      0.71      1409
weighted avg       0.79      0.74      0.75      1409

2026-01-26 15:41:32,950 - INFO - 
========== TRAINING RANDOMFOREST ==========
2026-01-26 15:41:33,552 - INFO - Accuracy: 0.7495
2026-01-26 15:41:33,552 - INFO - AUC Score: 0.8299
2026-01-26 15:41:33,552 - INFO - 
Confusion Matrix:
[[769 266]
 [ 87 287]]
2026-01-26 15:41:33,552 - INFO - 
Classification Report:
              precision    recall  f1-score   support

           0       0.90      0.74      0.81      1035
           1       0.52      0.77      0.62       374

    accuracy                           0.75      1409
   macro avg       0.71      0.76      0.72      1409
weighted avg       0.80      0.75      0.76      1409

2026-01-26 15:41:33,554 - INFO - 
========== TRAINING ADABOOST ==========
2026-01-26 15:41:33,799 - INFO - Accuracy: 0.7253
2026-01-26 15:41:33,799 - INFO - AUC Score: 0.8438
2026-01-26 15:41:33,799 - INFO - 
Confusion Matrix:
[[713 322]
 [ 65 309]]
2026-01-26 15:41:33,799 - INFO - 
Classification Report:
              precision    recall  f1-score   support

           0       0.92      0.69      0.79      1035
           1       0.49      0.83      0.61       374

    accuracy                           0.73      1409
   macro avg       0.70      0.76      0.70      1409
weighted avg       0.80      0.73      0.74      1409

2026-01-26 15:41:33,801 - INFO - 
========== TRAINING GRADIENTBOOSTING ==========
2026-01-26 15:41:34,579 - INFO - Accuracy: 0.7374
2026-01-26 15:41:34,579 - INFO - AUC Score: 0.8379
2026-01-26 15:41:34,579 - INFO - 
Confusion Matrix:
[[737 298]
 [ 72 302]]
2026-01-26 15:41:34,579 - INFO - 
Classification Report:
              precision    recall  f1-score   support

           0       0.91      0.71      0.80      1035
           1       0.50      0.81      0.62       374

    accuracy                           0.74      1409
   macro avg       0.71      0.76      0.71      1409
weighted avg       0.80      0.74      0.75      1409

2026-01-26 15:41:34,580 - INFO - 
========== TRAINING XGBOOST ==========
2026-01-26 15:41:35,784 - INFO - Accuracy: 0.7509
2026-01-26 15:41:35,784 - INFO - AUC Score: 0.8357
2026-01-26 15:41:35,784 - INFO - 
Confusion Matrix:
[[767 268]
 [ 83 291]]
2026-01-26 15:41:35,784 - INFO - 
Classification Report:
              precision    recall  f1-score   support

           0       0.90      0.74      0.81      1035
           1       0.52      0.78      0.62       374

    accuracy                           0.75      1409
   macro avg       0.71      0.76      0.72      1409
weighted avg       0.80      0.75      0.76      1409

2026-01-26 15:41:35,787 - INFO - 
========== TRAINING SVM ==========
2026-01-26 15:41:37,504 - INFO - Accuracy: 0.7253
2026-01-26 15:41:37,504 - INFO - AUC Score: 0.8277
2026-01-26 15:41:37,504 - INFO - 
Confusion Matrix:
[[725 310]
 [ 77 297]]
2026-01-26 15:41:37,504 - INFO - 
Classification Report:
              precision    recall  f1-score   support

           0       0.90      0.70      0.79      1035
           1       0.49      0.79      0.61       374

    accuracy                           0.73      1409
   macro avg       0.70      0.75      0.70      1409
weighted avg       0.79      0.73      0.74      1409

2026-01-26 15:41:37,674 - INFO - ROC Curve saved as 'roc_curve_comparison.png'
2026-01-26 15:41:37,674 - INFO - WINNER MODEL: LogisticRegression | AUC: 0.8449
